
$ set -o pipefail; export RUST_MIN_STACK=4194304; export STWO_JIT_MAX_KERNEL_INSTRS=2048; export STWO_JIT_CUBIN_CACHE=1; export GB=/workspace/stwo-cairo/stwo_cairo_prover/target/release/gpu_bench; export SN=/workspace/stwo-cairo/gpu_benchmarks/pie/sn; export OUT=/workspace/out; export PROVER=/workspace/stwo-cairo/stwo_cairo_prover; STWO_CUDA_WITNESS_JIT_PROVE=1 STWO_CUDA_WITNESS_JIT_MAX_INSTRS=20000 \
STWO_CUDA_WITNESS_EDGES=1 STWO_CUDA_DEVICE_INTERACTION=1 \
STWO_DUMP_PROOF=$OUT/dag_on.proof $GB --pie $SN/SN_PIE_2.zip --backend cuda \
  --reps 1 --reuse-input 2> $OUT/dag_on.err | tail -4
grep -E 'device count feed merged' $OUT/dag_on.err | head -3
grep -E 'stashed device edge' $OUT/dag_on.err | head -2
grep -E 'jit_prove\[partial_ec_mul_window_bits_18\]: device witness' $OUT/dag_on.err
grep -E 'jit_prove\[partial_ec_mul_generic\]: device witness' $OUT/dag_on.err
grep -E 'jit_prove\[cube_252\]: device witness' $OUT/dag_on.err || true
grep -E 'jit_interaction\[blake_round\]: device logup' $OUT/dag_on.err
grep -E 'jit_interaction\[pedersen_aggregator_window_bits_18\]: device logup' $OUT/dag_on.err
grep -E 'jit_interaction\[partial_ec_mul_window_bits_18\]: device logup' $OUT/dag_on.err
test -s $OUT/dag_on.proof && echo DAG_PROOF_OK
--8<-- output --8<--
{"adapt_s":1.188,"backend":"cuda","bootloader_overhead_pct":3.51,"cycle_count":7977397,"engine":"legacy","fold_step":3,"gpu":"NVIDIA H100 80GB HBM3","host_mem_gb":2015.498,"mhz":0.591,"n":1,"n_queries":70,"nproc":22,"peak_rss_gb":7.248,"pie_n_steps":7706864,"pool_reserved_high_gb":40.567,"pool_used_high_gb":40.543,"pow_bits":26,"program":"SN_PIE_2.zip","proof_kb":3006.636,"prove_s_cold":13.489,"prove_s_warm":13.489,"security_bits":96,"steps_per_s":591416.0,"useful_mhz":0.571,"verify_ms":21.489,"vm_s":5.054,"vram_end_gb":42.347,"vram_peak_gb":42.347}
jit_prove[blake_round]: device count feed merged 1 relation families
jit_prove[partial_ec_mul_generic]: device count feed merged 3 relation families
jit_prove[pedersen_aggregator_window_bits_18]: device count feed merged 1 relation families
jit_prove[blake_round]: stashed device edge for blake_g_state
jit_prove[pedersen_aggregator_window_bits_18]: stashed device edge for partial_ec_mul_window_bits_18_state
jit_prove[partial_ec_mul_window_bits_18]: device witness 917504 real rows (log_size 20) in 418.3 ms
jit_prove[partial_ec_mul_generic]: device witness 258048 real rows (log_size 18) in 734.2 ms
jit_prove[cube_252]: device witness 499712 real rows (log_size 19) in 165.4 ms
jit_interaction[blake_round]: device logup 1048576 rows x 30 cols in 8.7 ms
jit_interaction[pedersen_aggregator_window_bits_18]: device logup 32768 rows x 6 cols in 0.7 ms
jit_interaction[partial_ec_mul_window_bits_18]: device logup 1048576 rows x 65 cols in 12.2 ms
DAG_PROOF_OK
