    Updating crates.io index
    Updating git repository `https://github.com/starkware-libs/proving-utils`
 Downloading crates ...
  Downloaded adler2 v2.0.1
  Downloaded alloy-rlp v0.3.12
  Downloaded anstream v0.6.21
  Downloaded anstyle-parse v0.2.7
  Downloaded anyhow v1.0.100
  Downloaded allocator-api2 v0.2.21
  Downloaded nu-ansi-term v0.50.3
  Downloaded anstyle-query v1.1.5
  Downloaded ark-ff-asm v0.4.2
  Downloaded ark-serialize-derive v0.5.0
  Downloaded ark-serialize v0.5.0
  Downloaded ark-ff-asm v0.3.0
  Downloaded block-buffer v0.10.4
  Downloaded ark-serialize v0.3.0
  Downloaded ark-serialize v0.4.2
  Downloaded assert_matches v1.5.0
  Downloaded ark-ff-macros v0.3.0
  Downloaded byte-slice-cast v1.2.3
  Downloaded cairo-lang-proc-macros v2.17.0-rc.4
  Downloaded cairo-lang-project v2.17.0-rc.4
  Downloaded clap_lex v0.7.7
  Downloaded num-conv v0.2.0
  Downloaded munge_macro v0.4.7
  Downloaded colorchoice v1.0.4
  Downloaded colored v3.1.1
  Downloaded cfg-if v1.0.4
  Downloaded arrayref v0.3.9
  Downloaded env_filter v0.1.4
  Downloaded rand_chacha v0.3.1
  Downloaded cairo-lang-syntax-codegen v2.17.0-rc.4
  Downloaded env_logger v0.11.8
  Downloaded ruint-macro v1.2.1
  Downloaded rand_xorshift v0.4.0
  Downloaded ahash v0.8.12
  Downloaded is_terminal_polyfill v1.70.2
  Downloaded scopeguard v1.2.0
  Downloaded memoffset v0.9.1
  Downloaded starknet-crypto-codegen v0.3.3
  Downloaded toml_datetime v0.7.5+spec-1.1.0
  Downloaded cairo-lang-sierra-generator v2.17.0-rc.4
  Downloaded ref-cast v1.0.25
  Downloaded tempfile v3.24.0
  Downloaded unty v0.0.4
  Downloaded embedded-io v0.4.0
  Downloaded matrixmultiply v0.3.10
  Downloaded zeroize_derive v1.4.3
  Downloaded num-complex v0.4.6
  Downloaded thiserror v2.0.18
  Downloaded valuable v0.1.1
  Downloaded fnv v1.0.7
  Downloaded getrandom v0.3.4
  Downloaded crossbeam-queue v0.3.12
  Downloaded id-arena v2.3.0
  Downloaded typeid v1.0.3
  Downloaded starknet-types-core v0.2.4
  Downloaded itertools v0.14.0
  Downloaded crossbeam-deque v0.8.6
  Downloaded crc32fast v1.5.0
  Downloaded hash32 v0.2.1
  Downloaded time-core v0.1.8
  Downloaded tracing-attributes v0.1.31
  Downloaded toml_writer v1.0.6+spec-1.1.0
  Downloaded regex-syntax v0.8.8
  Downloaded rustix v1.1.3
  Downloaded tinyvec v1.10.0
  Downloaded sha3 v0.11.0
  Downloaded libc v0.2.180
  Downloaded time v0.3.46
  Downloaded regex-automata v0.4.13
  Downloaded petgraph v0.7.1
  Downloaded nom v7.1.3
  Downloaded miniz_oxide v0.8.9
  Downloaded hashbrown v0.14.5
  Downloaded itertools v0.12.1
  Downloaded sha3 v0.10.8
  Downloaded time-macros v0.2.26
  Downloaded new_debug_unreachable v1.0.6
  Downloaded munge v0.4.7
  Downloaded ndarray v0.17.2
  Downloaded good_lp v1.14.2
  Downloaded itertools v0.13.0
  Downloaded typenum v1.19.0
  Downloaded itertools v0.10.5
  Downloaded heapless v0.7.17
  Downloaded crypto-bigint v0.5.5
  Downloaded hashbrown v0.17.1
  Downloaded linux-raw-sys v0.11.0
  Downloaded globset v0.4.18
  Downloaded lambdaworks-crypto v0.13.0
  Downloaded tracing v0.1.44
  Downloaded tracing-subscriber v0.3.22
  Downloaded salsa v0.26.2
  Downloaded memchr v2.7.6
  Downloaded rayon v1.11.0
  Downloaded proptest v1.9.0
  Downloaded portable-atomic v1.13.1
  Downloaded serde_json v1.0.149
  Downloaded rust_decimal v1.40.0
  Downloaded rkyv v0.8.14
  Downloaded regex v1.12.2
  Downloaded unicode-segmentation v1.12.0
  Downloaded libm v0.2.16
  Downloaded sonic-rs v0.3.17
  Downloaded ruint v1.17.2
  Downloaded pest v2.8.5
  Downloaded flate2 v1.1.8
  Downloaded const_format v0.2.35
  Downloaded sprs v0.11.4
  Downloaded num-prime v0.4.4
  Downloaded tracing-log v0.2.0
  Downloaded tracing-core v0.1.36
  Downloaded hashlink v0.10.0
  Downloaded crypto-common v0.2.2
  Downloaded crypto-common v0.1.7
  Downloaded crossbeam-utils v0.8.21
  Downloaded zip v0.6.6
  Downloaded rand v0.9.2
  Downloaded rand v0.8.5
  Downloaded hex v0.4.3
  Downloaded heck v0.5.0
  Downloaded deranged v0.5.5
  Downloaded dashmap v6.1.0
  Downloaded crunchy v0.2.4
  Downloaded starknet-ff v0.3.7
  Downloaded starknet-curve v0.6.0
  Downloaded starknet-curve v0.4.2
  Downloaded zmij v1.0.18
  Downloaded walkdir v2.5.0
  Downloaded virtue v0.0.18
  Downloaded schemars v1.2.0
  Downloaded crossbeam-epoch v0.9.18
  Downloaded genco v0.19.0
  Downloaded pretty_assertions v1.4.1
  Downloaded generic-array v0.14.7
  Downloaded genco-macros v0.19.0
  Downloaded funty v2.0.0
  Downloaded foldhash v0.1.5
  Downloaded version_check v0.9.5
  Downloaded lambdaworks-math v0.13.0
  Downloaded serde v1.0.228
  Downloaded const-fnv1a-hash v1.1.0
  Downloaded typetag v0.2.21
  Downloaded inventory v0.3.24
  Downloaded impl-codec v0.6.0
  Downloaded ignore v0.4.25
  Downloaded unicode-xid v0.2.6
  Downloaded unarray v0.1.4
  Downloaded uint v0.9.5
  Downloaded ucd-trie v0.1.7
  Downloaded matchers v0.2.0
  Downloaded thread_local v1.1.9
  Downloaded memmap2 v0.9.9
  Downloaded zerocopy v0.8.37
  Downloaded yansi v1.0.1
  Downloaded winnow v0.7.14
  Downloaded sharded-slab v0.1.7
  Downloaded serde_derive v1.0.228
  Downloaded serde_core v1.0.228
  Downloaded ryu v1.0.22
  Downloaded rayon-core v1.13.0
  Downloaded proc-macro2 v1.0.106
  Downloaded parking_lot v0.12.5
  Downloaded parity-scale-codec v3.7.5
  Downloaded num-bigint v0.4.6
  Downloaded uuid v1.20.0
  Downloaded utf8parse v0.2.2
  Downloaded unicode-ident v1.0.22
  Downloaded typetag-impl v0.2.21
  Downloaded lru v0.12.5
  Downloaded lalrpop-util v0.22.2
  Downloaded keccak v0.1.5
  Downloaded itoa v1.0.17
  Downloaded fixedbitset v0.5.7
  Downloaded fixed-hash v0.8.0
  Downloaded fastrlp v0.4.0
  Downloaded fastrlp v0.3.1
  Downloaded fastrand v2.3.0
  Downloaded errno v0.3.14
  Downloaded erased-serde v0.4.9
  Downloaded diffy v0.4.2
  Downloaded diff v0.1.13
  Downloaded derivative v2.2.0
  Downloaded cpufeatures v0.2.17
  Downloaded convert_case v0.11.0
  Downloaded constant_time_eq v0.4.2
  Downloaded const_format_proc_macros v0.2.34
  Downloaded thiserror-impl v2.0.18
  Downloaded thin-vec v0.2.14
  Downloaded term v1.2.1
  Downloaded enum-ordinalize-derive v4.3.2
  Downloaded toml_parser v1.0.6+spec-1.1.0
  Downloaded toml_edit v0.23.10+spec-1.0.0
  Downloaded syn v2.0.114
  Downloaded syn v1.0.109
  Downloaded spin v0.9.8
  Downloaded sonic-number v0.1.0
  Downloaded smallvec v1.15.1
  Downloaded schemars_derive v1.2.0
  Downloaded salsa-macros v0.26.2
  Downloaded postcard v1.1.3
  Downloaded parking_lot_core v0.9.12
  Downloaded test-log-macros v0.2.19
  Downloaded test-log v0.2.19
  Downloaded subtle v2.6.1
  Downloaded stwo-std-shims v1.0.0
  Downloaded strsim v0.11.1
  Downloaded string_cache v0.8.9
  Downloaded static_assertions v1.1.0
  Downloaded lazy_static v1.5.0
  Downloaded equivalent v1.0.2
  Downloaded enum-ordinalize v4.3.2
  Downloaded unescaper v0.1.8
  Downloaded minimal-lexical v0.2.1
  Downloaded once_cell v1.21.3
  Downloaded cairo-lang-starknet v2.17.0-rc.4
  Downloaded smol_str v0.3.5
  Downloaded sha2 v0.10.9
  Downloaded rustversion v1.0.22
  Downloaded relative-path v1.9.3
  Downloaded rand_core v0.9.5
  Downloaded intrusive-collections v0.9.7
  Downloaded indoc v2.0.7
  Downloaded indent v0.1.1
  Downloaded impl-trait-for-tuples v0.2.3
  Downloaded ena v0.14.3
  Downloaded embedded-io v0.6.1
  Downloaded either v1.15.0
  Downloaded educe v0.6.0
  Downloaded educe v0.5.11
  Downloaded digest v0.11.3
  Downloaded digest v0.10.7
  Downloaded digest v0.9.0
  Downloaded lalrpop v0.22.2
  Downloaded foldhash v0.2.0
  Downloaded faststr v0.2.34
  Downloaded simdutf8 v0.1.5
  Downloaded simd-adler32 v0.3.8
  Downloaded semver-parser v0.10.3
  Downloaded semver v1.0.27
  Downloaded semver v0.11.0
  Downloaded salsa-macro-rules v0.26.2
  Downloaded rkyv_derive v0.8.14
  Downloaded quote v1.0.44
  Downloaded pkg-config v0.3.32
  Downloaded pin-project-lite v0.2.16
  Downloaded paste v1.0.15
  Downloaded cairo-lang-semantic v2.17.0-rc.4
  Downloaded bzip2-sys v0.1.13+1.0.8
  Downloaded dyn-clone v1.0.20
  Downloaded zeroize v1.8.2
  Downloaded xxhash-rust v0.8.15
  Downloaded xshell-macros v0.2.7
  Downloaded xshell v0.2.7
  Downloaded wyz v0.5.1
  Downloaded vector-map v1.0.2
  Downloaded indexmap v2.13.0
  Downloaded hashbrown v0.16.1
  Downloaded hashbrown v0.15.5
  Downloaded shlex v1.3.0
  Downloaded serde_derive_internals v0.29.1
  Downloaded rustc_version v0.3.3
  Downloaded rustc-hex v2.1.0
  Downloaded rend v0.5.3
  Downloaded ref-cast-impl v1.0.25
  Downloaded rand_core v0.6.4
  Downloaded rand_chacha v0.9.0
  Downloaded ppv-lite86 v0.2.21
  Downloaded num-traits v0.2.19
  Downloaded num-modular v0.5.1
  Downloaded num-integer v0.1.46
  Downloaded cairo-vm v3.2.0
  Downloaded cairo-lang-lowering v2.17.0-rc.4
  Downloaded bstr v1.12.1
  Downloaded blake3 v1.8.3
  Downloaded bitvec v1.0.1
  Downloaded aho-corasick v1.1.4
  Downloaded toml v0.9.11+spec-1.1.0
  Downloaded sonic-simd v0.1.2
  Downloaded rustc_version v0.4.1
  Downloaded rfc6979 v0.4.0
  Downloaded phf_shared v0.11.3
  Downloaded clap_builder v4.5.56
  Downloaded cairo-lang-syntax v2.17.0-rc.4
  Downloaded cairo-lang-sierra-to-casm v2.17.0-rc.4
  Downloaded cairo-lang-sierra v2.17.0-rc.4
  Downloaded cairo-lang-parser v2.17.0-rc.4
  Downloaded log v0.4.29
  Downloaded same-file v1.0.6
  Downloaded ptr_meta v0.3.1
  Downloaded rawpointer v0.2.1
  Downloaded rancor v0.1.1
  Downloaded precomputed-hash v0.1.1
  Downloaded powerfmt v0.2.0
  Downloaded cairo-lang-runner v2.17.0-rc.4
  Downloaded bumpalo v3.19.1
  Downloaded tinyvec_macros v0.1.1
  Downloaded tap v1.0.1
  Downloaded synstructure v0.13.2
  Downloaded starknet-crypto v0.8.1
  Downloaded libbz2-rs-sys v0.1.3
  Downloaded serde_arrays v0.1.0
  Downloaded rustc-hash v2.1.1
  Downloaded rlp v0.5.2
  Downloaded parity-scale-codec-derive v3.7.5
  Downloaded cc v1.2.55
  Downloaded bytes v1.11.0
  Downloaded bytemuck v1.25.0
  Downloaded borsh v1.6.0
  Downloaded starknet-crypto v0.6.2
  Downloaded stable_deref_trait v1.2.1
  Downloaded lock_api v0.4.14
  Downloaded keccak v0.2.0
  Downloaded siphasher v1.0.2
  Downloaded clap v4.5.56
  Downloaded bincode v2.0.1
  Downloaded ark-ff v0.5.0
  Downloaded ark-ff v0.4.2
  Downloaded hybrid-array v0.4.10
  Downloaded hmac v0.12.1
  Downloaded getrandom v0.2.17
  Downloaded microlp v0.2.11
  Downloaded cairo-lang-executable v2.17.0-rc.4
  Downloaded cairo-lang-defs v2.17.0-rc.4
  Downloaded blake2 v0.10.6
  Downloaded ark-poly v0.5.0
  Downloaded ark-ff v0.3.0
  Downloaded ark-ec v0.5.0
  Downloaded cairo-lang-plugins v2.17.0-rc.4
  Downloaded cairo-lang-formatter v2.17.0-rc.4
  Downloaded cairo-lang-casm v2.17.0-rc.4
  Downloaded bzip2 v0.5.2
  Downloaded generic-tests v0.1.3
  Downloaded find-msvc-tools v0.1.9
  Downloaded serde_spanned v1.0.4
  Downloaded path-clean v1.0.1
  Downloaded clap_derive v4.5.55
  Downloaded cairo-lang-utils v2.17.0-rc.4
  Downloaded cairo-lang-starknet-classes v2.17.0-rc.4
  Downloaded cairo-lang-sierra-gas v2.17.0-rc.4
  Downloaded cairo-lang-executable-plugin v2.17.0-rc.4
  Downloaded cairo-lang-compiler v2.17.0-rc.4
  Downloaded bitflags v2.10.0
  Downloaded ark-std v0.5.0
  Downloaded primitive-types v0.12.2
  Downloaded cairo-lang-sierra-ap-change v2.17.0-rc.4
  Downloaded cairo-lang-runnable-utils v2.17.0-rc.4
  Downloaded byteorder v1.5.0
  Downloaded radium v0.7.0
  Downloaded pico-args v0.5.0
  Downloaded cairo-lang-test-utils v2.17.0-rc.4
  Downloaded cairo-lang-sierra-type-size v2.17.0-rc.4
  Downloaded cairo-lang-filesystem v2.17.0-rc.4
  Downloaded cairo-lang-diagnostics v2.17.0-rc.4
  Downloaded cairo-lang-debug v2.17.0-rc.4
  Downloaded bytemuck_derive v1.10.2
  Downloaded bigdecimal v0.3.1
  Downloaded auto_impl v1.3.0
  Downloaded arrayvec v0.7.6
  Downloaded anstyle v1.0.13
  Downloaded ptr_meta_derive v0.3.1
  Downloaded proc-macro-crate v3.4.0
  Downloaded boxcar v0.2.14
  Downloaded bit-vec v0.8.0
  Downloaded bincode v1.3.3
  Downloaded autocfg v1.5.0
  Downloaded ark-std v0.4.0
  Downloaded ark-std v0.3.0
  Downloaded ark-ff-asm v0.5.0
  Downloaded cobs v0.3.0
  Downloaded cfg_aliases v0.2.1
  Downloaded cairo-lang-primitive-token v1.0.0
  Downloaded cairo-lang-eq-solver v2.17.0-rc.4
  Downloaded bincode_derive v2.0.1
  Downloaded ark-ff-macros v0.5.0
  Downloaded ascii-canvas v4.0.0
  Downloaded ark-secp256r1 v0.5.0
  Downloaded ark-ff-macros v0.4.2
  Downloaded block-buffer v0.12.0
  Downloaded bit-set v0.8.0
  Downloaded ark-secp256k1 v0.5.0
warning: unused variable: `raw_u32`
    --> crates/prover/src/witness/components/blake_round.rs:6986:9
     |
6986 |     let raw_u32 = |word: usize, vi: usize| PackedUInt32 {
     |         ^^^^^^^ help: if this is intentional, prefix it with an underscore: `_raw_u32`
     |
     = note: `#[warn(unused_variables)]` on by default

warning: unused variable: `n_vec`
   --> crates/prover/src/witness/logup_descs.rs:123:9
    |
123 |     let n_vec = n_rows / N_LANES;
    |         ^^^^^ help: if this is intentional, prefix it with an underscore: `_n_vec`

warning: method `mults_snapshot` is never used
   --> crates/prover/src/witness/components/memory_address_to_id.rs:117:19
    |
73  | impl ClaimGenerator {
    | ------------------- method in this implementation
...
117 |     pub(crate) fn mults_snapshot(&self) -> Vec<Vec<PackedM31>> {
    |                   ^^^^^^^^^^^^^^
    |
    = note: `#[warn(dead_code)]` on by default

warning: methods `big_mults_snapshot` and `small_mults_snapshot` are never used
   --> crates/prover/src/witness/components/memory_id_to_big.rs:112:19
    |
49  | impl ClaimGenerator {
    | ------------------- methods in this implementation
...
112 |     pub(crate) fn big_mults_snapshot(&self) -> Vec<Vec<PackedM31>> {
    |                   ^^^^^^^^^^^^^^^^^^
...
115 |     pub(crate) fn small_mults_snapshot(&self) -> Vec<Vec<PackedM31>> {
    |                   ^^^^^^^^^^^^^^^^^^^^

warning: function `lookup_data_flat` is never used
   --> crates/prover/src/witness/components/add_ap_opcode.rs:938:4
    |
938 | fn lookup_data_flat(ld: &LookupData) -> Vec<Vec<PackedM31>> {
    |    ^^^^^^^^^^^^^^^^

warning: function `sub_inputs_flat` is never used
   --> crates/prover/src/witness/components/add_ap_opcode.rs:961:4
    |
961 | fn sub_inputs_flat(sci: &SubComponentInputs) -> Vec<Vec<Simd<u32, N_LANES>>> {
    |    ^^^^^^^^^^^^^^^

warning: function `lookup_data_flat` is never used
    --> crates/prover/src/witness/components/bitwise_builtin.rs:2913:4
     |
2913 | fn lookup_data_flat(ld: &LookupData) -> Vec<Vec<PackedM31>> {
     |    ^^^^^^^^^^^^^^^^

warning: function `sub_inputs_flat` is never used
    --> crates/prover/src/witness/components/bitwise_builtin.rs:3094:4
     |
3094 | fn sub_inputs_flat(sci: &SubComponentInputs) -> Vec<Vec<Simd<u32, N_LANES>>> {
     |    ^^^^^^^^^^^^^^^

warning: function `lookup_data_flat` is never used
    --> crates/prover/src/witness/components/blake_compress_opcode.rs:7836:4
     |
7836 | fn lookup_data_flat(ld: &LookupData) -> Vec<Vec<PackedM31>> {
     |    ^^^^^^^^^^^^^^^^

warning: function `sub_inputs_flat` is never used
    --> crates/prover/src/witness/components/blake_compress_opcode.rs:8018:4
     |
8018 | fn sub_inputs_flat(sci: &SubComponentInputs) -> Vec<Vec<Simd<u32, N_LANES>>> {
     |    ^^^^^^^^^^^^^^^

warning: function `lookup_data_flat` is never used
    --> crates/prover/src/witness/components/blake_g.rs:1810:4
     |
1810 | fn lookup_data_flat(ld: &LookupData) -> Vec<Vec<PackedM31>> {
     |    ^^^^^^^^^^^^^^^^

warning: function `sub_inputs_flat` is never used
    --> crates/prover/src/witness/components/blake_g.rs:1903:4
     |
1903 | fn sub_inputs_flat(sci: &SubComponentInputs) -> Vec<Vec<Simd<u32, N_LANES>>> {
     |    ^^^^^^^^^^^^^^^

warning: function `lookup_data_flat` is never used
    --> crates/prover/src/witness/components/blake_round.rs:5908:4
     |
5908 | fn lookup_data_flat(ld: &LookupData) -> Vec<Vec<PackedM31>> {
     |    ^^^^^^^^^^^^^^^^

warning: function `sub_inputs_flat` is never used
    --> crates/prover/src/witness/components/blake_round.rs:6041:4
     |
6041 | fn sub_inputs_flat(sci: &SubComponentInputs) -> Vec<Vec<Simd<u32, N_LANES>>> {
     |    ^^^^^^^^^^^^^^^

warning: method `mults_snapshot` is never used
  --> crates/prover/src/witness/components/blake_round_sigma.rs:35:19
   |
21 | impl ClaimGenerator {
   | ------------------- method in this implementation
...
35 |     pub(crate) fn mults_snapshot(&self) -> Vec<Vec<PackedM31>> {
   |                   ^^^^^^^^^^^^^^

warning: function `lookup_data_flat` is never used
    --> crates/prover/src/witness/components/cube_252.rs:9195:4
     |
9195 | fn lookup_data_flat(ld: &LookupData) -> Vec<Vec<PackedM31>> {
     |    ^^^^^^^^^^^^^^^^

warning: function `sub_inputs_flat` is never used
    --> crates/prover/src/witness/components/cube_252.rs:9304:4
     |
9304 | fn sub_inputs_flat(sci: &SubComponentInputs) -> Vec<Vec<Simd<u32, N_LANES>>> {
     |    ^^^^^^^^^^^^^^^

warning: function `lookup_data_flat` is never used
    --> crates/prover/src/witness/components/mul_opcode.rs:5174:4
     |
5174 | fn lookup_data_flat(ld: &LookupData) -> Vec<Vec<PackedM31>> {
     |    ^^^^^^^^^^^^^^^^

warning: function `sub_inputs_flat` is never used
    --> crates/prover/src/witness/components/mul_opcode.rs:5235:4
     |
5235 | fn sub_inputs_flat(sci: &SubComponentInputs) -> Vec<Vec<Simd<u32, N_LANES>>> {
     |    ^^^^^^^^^^^^^^^

warning: function `lookup_data_flat` is never used
    --> crates/prover/src/witness/components/mul_opcode_small.rs:1589:4
     |
1589 | fn lookup_data_flat(ld: &LookupData) -> Vec<Vec<PackedM31>> {
     |    ^^^^^^^^^^^^^^^^

warning: function `sub_inputs_flat` is never used
    --> crates/prover/src/witness/components/mul_opcode_small.rs:1625:4
     |
1625 | fn sub_inputs_flat(sci: &SubComponentInputs) -> Vec<Vec<Simd<u32, N_LANES>>> {
     |    ^^^^^^^^^^^^^^^

warning: function `lookup_data_flat` is never used
     --> crates/prover/src/witness/components/partial_ec_mul_generic.rs:25891:4
      |
25891 | fn lookup_data_flat(ld: &LookupData) -> Vec<Vec<PackedM31>> {
      |    ^^^^^^^^^^^^^^^^

warning: function `sub_inputs_flat` is never used
     --> crates/prover/src/witness/components/partial_ec_mul_generic.rs:26225:4
      |
26225 | fn sub_inputs_flat(sci: &SubComponentInputs) -> Vec<Vec<Simd<u32, N_LANES>>> {
      |    ^^^^^^^^^^^^^^^

warning: function `lookup_data_flat` is never used
     --> crates/prover/src/witness/components/partial_ec_mul_window_bits_18.rs:17998:4
      |
17998 | fn lookup_data_flat(ld: &LookupData) -> Vec<Vec<PackedM31>> {
      |    ^^^^^^^^^^^^^^^^

warning: function `sub_inputs_flat` is never used
     --> crates/prover/src/witness/components/partial_ec_mul_window_bits_18.rs:18149:4
      |
18149 | fn sub_inputs_flat(sci: &SubComponentInputs) -> Vec<Vec<Simd<u32, N_LANES>>> {
      |    ^^^^^^^^^^^^^^^

warning: function `lookup_data_flat` is never used
     --> crates/prover/src/witness/components/pedersen_aggregator_window_bits_18.rs:12598:4
      |
12598 | fn lookup_data_flat(ld: &LookupData) -> Vec<Vec<PackedM31>> {
      |    ^^^^^^^^^^^^^^^^

warning: function `sub_inputs_flat` is never used
     --> crates/prover/src/witness/components/pedersen_aggregator_window_bits_18.rs:12642:4
      |
12642 | fn sub_inputs_flat(sci: &SubComponentInputs) -> Vec<Vec<Simd<u32, N_LANES>>> {
      |    ^^^^^^^^^^^^^^^

warning: function `lookup_data_flat` is never used
   --> crates/prover/src/witness/components/pedersen_builtin.rs:459:4
    |
459 | fn lookup_data_flat(ld: &LookupData) -> Vec<Vec<PackedM31>> {
    |    ^^^^^^^^^^^^^^^^

warning: function `sub_inputs_flat` is never used
   --> crates/prover/src/witness/components/pedersen_builtin.rs:490:4
    |
490 | fn sub_inputs_flat(sci: &SubComponentInputs) -> Vec<Vec<Simd<u32, N_LANES>>> {
    |    ^^^^^^^^^^^^^^^

warning: function `lookup_data_flat` is never used
    --> crates/prover/src/witness/components/poseidon_3_partial_rounds_chain.rs:4893:4
     |
4893 | fn lookup_data_flat(ld: &LookupData) -> Vec<Vec<PackedM31>> {
     |    ^^^^^^^^^^^^^^^^

warning: function `sub_inputs_flat` is never used
    --> crates/prover/src/witness/components/poseidon_3_partial_rounds_chain.rs:4951:4
     |
4951 | fn sub_inputs_flat(sci: &SubComponentInputs) -> Vec<Vec<Simd<u32, N_LANES>>> {
     |    ^^^^^^^^^^^^^^^

warning: function `lookup_data_flat` is never used
     --> crates/prover/src/witness/components/poseidon_aggregator.rs:10769:4
      |
10769 | fn lookup_data_flat(ld: &LookupData) -> Vec<Vec<PackedM31>> {
      |    ^^^^^^^^^^^^^^^^

warning: function `sub_inputs_flat` is never used
     --> crates/prover/src/witness/components/poseidon_aggregator.rs:10877:4
      |
10877 | fn sub_inputs_flat(sci: &SubComponentInputs) -> Vec<Vec<Simd<u32, N_LANES>>> {
      |    ^^^^^^^^^^^^^^^

warning: function `lookup_data_flat` is never used
   --> crates/prover/src/witness/components/poseidon_builtin.rs:608:4
    |
608 | fn lookup_data_flat(ld: &LookupData) -> Vec<Vec<PackedM31>> {
    |    ^^^^^^^^^^^^^^^^

warning: function `sub_inputs_flat` is never used
   --> crates/prover/src/witness/components/poseidon_builtin.rs:650:4
    |
650 | fn sub_inputs_flat(sci: &SubComponentInputs) -> Vec<Vec<Simd<u32, N_LANES>>> {
    |    ^^^^^^^^^^^^^^^

warning: function `lookup_data_flat` is never used
    --> crates/prover/src/witness/components/poseidon_full_round_chain.rs:3197:4
     |
3197 | fn lookup_data_flat(ld: &LookupData) -> Vec<Vec<PackedM31>> {
     |    ^^^^^^^^^^^^^^^^

warning: function `sub_inputs_flat` is never used
    --> crates/prover/src/witness/components/poseidon_full_round_chain.rs:3253:4
     |
3253 | fn sub_inputs_flat(sci: &SubComponentInputs) -> Vec<Vec<Simd<u32, N_LANES>>> {
     |    ^^^^^^^^^^^^^^^

warning: function `lookup_data_flat` is never used
    --> crates/prover/src/witness/components/qm_31_add_mul_opcode.rs:2028:4
     |
2028 | fn lookup_data_flat(ld: &LookupData) -> Vec<Vec<PackedM31>> {
     |    ^^^^^^^^^^^^^^^^

warning: function `sub_inputs_flat` is never used
    --> crates/prover/src/witness/components/qm_31_add_mul_opcode.rs:2064:4
     |
2064 | fn sub_inputs_flat(sci: &SubComponentInputs) -> Vec<Vec<Simd<u32, N_LANES>>> {
     |    ^^^^^^^^^^^^^^^

warning: function `lookup_data_flat` is never used
   --> crates/prover/src/witness/components/range_check_252_width_27.rs:971:4
    |
971 | fn lookup_data_flat(ld: &LookupData) -> Vec<Vec<PackedM31>> {
    |    ^^^^^^^^^^^^^^^^

warning: function `sub_inputs_flat` is never used
    --> crates/prover/src/witness/components/range_check_252_width_27.rs:1002:4
     |
1002 | fn sub_inputs_flat(sci: &SubComponentInputs) -> Vec<Vec<Simd<u32, N_LANES>>> {
     |    ^^^^^^^^^^^^^^^

warning: function `lookup_data_flat` is never used
   --> crates/prover/src/witness/components/range_check_builtin.rs:560:4
    |
560 | fn lookup_data_flat(ld: &LookupData) -> Vec<Vec<PackedM31>> {
    |    ^^^^^^^^^^^^^^^^

warning: function `sub_inputs_flat` is never used
   --> crates/prover/src/witness/components/range_check_builtin.rs:577:4
    |
577 | fn sub_inputs_flat(sci: &SubComponentInputs) -> Vec<Vec<Simd<u32, N_LANES>>> {
    |    ^^^^^^^^^^^^^^^

warning: function `lookup_data_flat` is never used
   --> crates/prover/src/witness/components/triple_xor_32.rs:891:4
    |
891 | fn lookup_data_flat(ld: &LookupData) -> Vec<Vec<PackedM31>> {
    |    ^^^^^^^^^^^^^^^^

warning: function `sub_inputs_flat` is never used
   --> crates/prover/src/witness/components/triple_xor_32.rs:944:4
    |
944 | fn sub_inputs_flat(sci: &SubComponentInputs) -> Vec<Vec<Simd<u32, N_LANES>>> {
    |    ^^^^^^^^^^^^^^^

warning: function `lookup_data_flat` is never used
   --> crates/prover/src/witness/components/verify_instruction.rs:730:4
    |
730 | fn lookup_data_flat(ld: &LookupData) -> Vec<Vec<PackedM31>> {
    |    ^^^^^^^^^^^^^^^^

warning: function `sub_inputs_flat` is never used
   --> crates/prover/src/witness/components/verify_instruction.rs:751:4
    |
751 | fn sub_inputs_flat(sci: &SubComponentInputs) -> Vec<Vec<Simd<u32, N_LANES>>> {
    |    ^^^^^^^^^^^^^^^

warning: variable `Felt252_1_0_0_0` should have a snake case name
     --> crates/prover/src/witness/components/partial_ec_mul_generic.rs:22527:9
      |
22527 |     let Felt252_1_0_0_0 = PackedFelt252::broadcast(Felt252::from([1, 0, 0, 0]));
      |         ^^^^^^^^^^^^^^^ help: convert the identifier to snake case (notice the capitalization): `felt252_1_0_0_0`
      |
      = note: `#[warn(non_snake_case)]` on by default

warning: variable `Felt252_3_0_0_0` should have a snake case name
     --> crates/prover/src/witness/components/partial_ec_mul_generic.rs:22528:9
      |
22528 |     let Felt252_3_0_0_0 = PackedFelt252::broadcast(Felt252::from([3, 0, 0, 0]));
      |         ^^^^^^^^^^^^^^^ help: convert the identifier to snake case (notice the capitalization): `felt252_3_0_0_0`

warning: variable `Felt252_15078781199387521180_7290787951512770967_8332093602989199897_317979597309161923` should have a snake case name
    --> crates/prover/src/witness/components/pedersen_aggregator_window_bits_18.rs:9717:9
     |
9717 |     let Felt252_15078781199387521180_7290787951512770967_8332093602989199897_317979597309161923 =
     |         ^^^^^^^^^^^^^^^^^^^^^^^^^^^^^^^^^^^^^^^^^^^^^^^^^^^^^^^^^^^^^^^^^^^^^^^^^^^^^^^^^^^^^^^ help: convert the identifier to snake case (notice the capitalization): `felt252_15078781199387521180_7290787951512770967_8332093602989199897_317979597309161923`

warning: variable `Felt252_2796306760980396030_6142433350943679003_9786206818587032316_455457488062799560` should have a snake case name
    --> crates/prover/src/witness/components/pedersen_aggregator_window_bits_18.rs:9724:9
     |
9724 |     let Felt252_2796306760980396030_6142433350943679003_9786206818587032316_455457488062799560 =
     |         ^^^^^^^^^^^^^^^^^^^^^^^^^^^^^^^^^^^^^^^^^^^^^^^^^^^^^^^^^^^^^^^^^^^^^^^^^^^^^^^^^^^^^^ help: convert the identifier to snake case (notice the capitalization): `felt252_2796306760980396030_6142433350943679003_9786206818587032316_455457488062799560`

warning: variable `Felt252_0_0_0_0` should have a snake case name
    --> crates/prover/src/witness/components/poseidon_3_partial_rounds_chain.rs:4264:9
     |
4264 |     let Felt252_0_0_0_0 = PackedFelt252::broadcast(Felt252::from([0, 0, 0, 0]));
     |         ^^^^^^^^^^^^^^^ help: convert the identifier to snake case (notice the capitalization): `felt252_0_0_0_0`

warning: variable `Felt252_1_0_0_0` should have a snake case name
    --> crates/prover/src/witness/components/poseidon_3_partial_rounds_chain.rs:4265:9
     |
4265 |     let Felt252_1_0_0_0 = PackedFelt252::broadcast(Felt252::from([1, 0, 0, 0]));
     |         ^^^^^^^^^^^^^^^ help: convert the identifier to snake case (notice the capitalization): `felt252_1_0_0_0`

warning: variable `Felt252_2_0_0_0` should have a snake case name
    --> crates/prover/src/witness/components/poseidon_3_partial_rounds_chain.rs:4266:9
     |
4266 |     let Felt252_2_0_0_0 = PackedFelt252::broadcast(Felt252::from([2, 0, 0, 0]));
     |         ^^^^^^^^^^^^^^^ help: convert the identifier to snake case (notice the capitalization): `felt252_2_0_0_0`

warning: variable `Felt252_3_0_0_0` should have a snake case name
    --> crates/prover/src/witness/components/poseidon_3_partial_rounds_chain.rs:4267:9
     |
4267 |     let Felt252_3_0_0_0 = PackedFelt252::broadcast(Felt252::from([3, 0, 0, 0]));
     |         ^^^^^^^^^^^^^^^ help: convert the identifier to snake case (notice the capitalization): `felt252_3_0_0_0`

warning: variable `Felt252_4_0_0_0` should have a snake case name
    --> crates/prover/src/witness/components/poseidon_3_partial_rounds_chain.rs:4268:9
     |
4268 |     let Felt252_4_0_0_0 = PackedFelt252::broadcast(Felt252::from([4, 0, 0, 0]));
     |         ^^^^^^^^^^^^^^^ help: convert the identifier to snake case (notice the capitalization): `felt252_4_0_0_0`

warning: variable `Felt252_0_0_0_0` should have a snake case name
    --> crates/prover/src/witness/components/poseidon_aggregator.rs:7992:9
     |
7992 |     let Felt252_0_0_0_0 = PackedFelt252::broadcast(Felt252::from([0, 0, 0, 0]));
     |         ^^^^^^^^^^^^^^^ help: convert the identifier to snake case (notice the capitalization): `felt252_0_0_0_0`

warning: variable `Felt252_1_0_0_0` should have a snake case name
    --> crates/prover/src/witness/components/poseidon_aggregator.rs:7993:9
     |
7993 |     let Felt252_1_0_0_0 = PackedFelt252::broadcast(Felt252::from([1, 0, 0, 0]));
     |         ^^^^^^^^^^^^^^^ help: convert the identifier to snake case (notice the capitalization): `felt252_1_0_0_0`

warning: variable `Felt252_10310704347937391837_5874215448258336115_2880320859071049537_45350836576946303` should have a snake case name
    --> crates/prover/src/witness/components/poseidon_aggregator.rs:7994:9
     |
7994 |     let Felt252_10310704347937391837_5874215448258336115_2880320859071049537_45350836576946303 =
     |         ^^^^^^^^^^^^^^^^^^^^^^^^^^^^^^^^^^^^^^^^^^^^^^^^^^^^^^^^^^^^^^^^^^^^^^^^^^^^^^^^^^^^^^ help: convert the identifier to snake case (notice the capitalization): `felt252_10310704347937391837_5874215448258336115_2880320859071049537_45350836576946303`

warning: variable `Felt252_10931822301410252833_1475756362763989377_3378552166684303673_348229636055909092` should have a snake case name
    --> crates/prover/src/witness/components/poseidon_aggregator.rs:8001:9
     |
8001 |     let Felt252_10931822301410252833_1475756362763989377_3378552166684303673_348229636055909092 =
     |         ^^^^^^^^^^^^^^^^^^^^^^^^^^^^^^^^^^^^^^^^^^^^^^^^^^^^^^^^^^^^^^^^^^^^^^^^^^^^^^^^^^^^^^^ help: convert the identifier to snake case (notice the capitalization): `felt252_10931822301410252833_1475756362763989377_3378552166684303673_348229636055909092`

warning: variable `Felt252_11041071929982523380_7503192613203831446_4943121247101232560_560497091765764140` should have a snake case name
    --> crates/prover/src/witness/components/poseidon_aggregator.rs:8008:9
     |
8008 |     let Felt252_11041071929982523380_7503192613203831446_4943121247101232560_560497091765764140 =
     |         ^^^^^^^^^^^^^^^^^^^^^^^^^^^^^^^^^^^^^^^^^^^^^^^^^^^^^^^^^^^^^^^^^^^^^^^^^^^^^^^^^^^^^^^ help: convert the identifier to snake case (notice the capitalization): `felt252_11041071929982523380_7503192613203831446_4943121247101232560_560497091765764140`

warning: variable `Felt252_16477292399064058052_4441744911417641572_18431044672185975386_252894828082060025` should have a snake case name
    --> crates/prover/src/witness/components/poseidon_aggregator.rs:8015:9
     |
8015 |     let Felt252_16477292399064058052_4441744911417641572_18431044672185975386_252894828082060025 =
     |         ^^^^^^^^^^^^^^^^^^^^^^^^^^^^^^^^^^^^^^^^^^^^^^^^^^^^^^^^^^^^^^^^^^^^^^^^^^^^^^^^^^^^^^^^ help: convert the identifier to snake case (notice the capitalization): `felt252_16477292399064058052_4441744911417641572_18431044672185975386_252894828082060025`

warning: variable `Felt252_2_0_0_0` should have a snake case name
    --> crates/prover/src/witness/components/poseidon_aggregator.rs:8022:9
     |
8022 |     let Felt252_2_0_0_0 = PackedFelt252::broadcast(Felt252::from([2, 0, 0, 0]));
     |         ^^^^^^^^^^^^^^^ help: convert the identifier to snake case (notice the capitalization): `felt252_2_0_0_0`

warning: variable `Felt252_3969818800901670911_10562874008078701503_14906396266795319764_223312371439046257` should have a snake case name
    --> crates/prover/src/witness/components/poseidon_aggregator.rs:8023:9
     |
8023 |     let Felt252_3969818800901670911_10562874008078701503_14906396266795319764_223312371439046257 =
     |         ^^^^^^^^^^^^^^^^^^^^^^^^^^^^^^^^^^^^^^^^^^^^^^^^^^^^^^^^^^^^^^^^^^^^^^^^^^^^^^^^^^^^^^^^ help: convert the identifier to snake case (notice the capitalization): `felt252_3969818800901670911_10562874008078701503_14906396266795319764_223312371439046257`

warning: variable `Felt252_4_0_0_0` should have a snake case name
    --> crates/prover/src/witness/components/poseidon_aggregator.rs:8030:9
     |
8030 |     let Felt252_4_0_0_0 = PackedFelt252::broadcast(Felt252::from([4, 0, 0, 0]));
     |         ^^^^^^^^^^^^^^^ help: convert the identifier to snake case (notice the capitalization): `felt252_4_0_0_0`

warning: variable `Felt252_8794894655201903369_3219077422080798056_16714934791572408267_262217499501479120` should have a snake case name
    --> crates/prover/src/witness/components/poseidon_aggregator.rs:8031:9
     |
8031 |     let Felt252_8794894655201903369_3219077422080798056_16714934791572408267_262217499501479120 =
     |         ^^^^^^^^^^^^^^^^^^^^^^^^^^^^^^^^^^^^^^^^^^^^^^^^^^^^^^^^^^^^^^^^^^^^^^^^^^^^^^^^^^^^^^^ help: convert the identifier to snake case (notice the capitalization): `felt252_8794894655201903369_3219077422080798056_16714934791572408267_262217499501479120`

warning: variable `Felt252_9275160746813554287_16541205595039575623_4169650429605064889_470088886057789987` should have a snake case name
    --> crates/prover/src/witness/components/poseidon_aggregator.rs:8038:9
     |
8038 |     let Felt252_9275160746813554287_16541205595039575623_4169650429605064889_470088886057789987 =
     |         ^^^^^^^^^^^^^^^^^^^^^^^^^^^^^^^^^^^^^^^^^^^^^^^^^^^^^^^^^^^^^^^^^^^^^^^^^^^^^^^^^^^^^^^ help: convert the identifier to snake case (notice the capitalization): `felt252_9275160746813554287_16541205595039575623_4169650429605064889_470088886057789987`

warning: variable `Felt252_0_0_0_0` should have a snake case name
    --> crates/prover/src/witness/components/poseidon_full_round_chain.rs:2789:9
     |
2789 |     let Felt252_0_0_0_0 = PackedFelt252::broadcast(Felt252::from([0, 0, 0, 0]));
     |         ^^^^^^^^^^^^^^^ help: convert the identifier to snake case (notice the capitalization): `felt252_0_0_0_0`

warning: variable `Felt252_1_0_0_0` should have a snake case name
    --> crates/prover/src/witness/components/poseidon_full_round_chain.rs:2790:9
     |
2790 |     let Felt252_1_0_0_0 = PackedFelt252::broadcast(Felt252::from([1, 0, 0, 0]));
     |         ^^^^^^^^^^^^^^^ help: convert the identifier to snake case (notice the capitalization): `felt252_1_0_0_0`

warning: variable `Felt252_2_0_0_0` should have a snake case name
    --> crates/prover/src/witness/components/poseidon_full_round_chain.rs:2791:9
     |
2791 |     let Felt252_2_0_0_0 = PackedFelt252::broadcast(Felt252::from([2, 0, 0, 0]));
     |         ^^^^^^^^^^^^^^^ help: convert the identifier to snake case (notice the capitalization): `felt252_2_0_0_0`

warning: variable `Felt252_3_0_0_0` should have a snake case name
    --> crates/prover/src/witness/components/poseidon_full_round_chain.rs:2792:9
     |
2792 |     let Felt252_3_0_0_0 = PackedFelt252::broadcast(Felt252::from([3, 0, 0, 0]));
     |         ^^^^^^^^^^^^^^^ help: convert the identifier to snake case (notice the capitalization): `felt252_3_0_0_0`

warning: `stwo-cairo-prover` (lib) generated 71 warnings
   Compiling stwo-cairo-prover v1.2.2 (/workspace/stwo-cairo/stwo_cairo_prover/crates/prover)
warning: function `test_lookup_data_flat` is never used
   --> crates/prover/src/witness/components/add_ap_opcode.rs:957:15
    |
957 | pub(crate) fn test_lookup_data_flat(ig: &InteractionClaimGenerator) -> Vec<Vec<PackedM31>> {
    |               ^^^^^^^^^^^^^^^^^^^^^
    |
    = note: `#[warn(dead_code)]` on by default

warning: function `test_lookup_data_flat` is never used
    --> crates/prover/src/witness/components/bitwise_builtin.rs:3090:15
     |
3090 | pub(crate) fn test_lookup_data_flat(ig: &InteractionClaimGenerator) -> Vec<Vec<PackedM31>> {
     |               ^^^^^^^^^^^^^^^^^^^^^

warning: struct `GenericSimdDiff` is never constructed
    --> crates/prover/src/witness/components/bitwise_builtin.rs:3253:19
     |
3253 | pub(crate) struct GenericSimdDiff {
     |                   ^^^^^^^^^^^^^^^

warning: function `generic_simd_diff` is never used
    --> crates/prover/src/witness/components/bitwise_builtin.rs:3269:15
     |
3269 | pub(crate) fn generic_simd_diff(
     |               ^^^^^^^^^^^^^^^^^

warning: function `test_lookup_data_flat` is never used
    --> crates/prover/src/witness/components/blake_compress_opcode.rs:8014:15
     |
8014 | pub(crate) fn test_lookup_data_flat(ig: &InteractionClaimGenerator) -> Vec<Vec<PackedM31>> {
     |               ^^^^^^^^^^^^^^^^^^^^^

warning: function `test_lookup_data_flat` is never used
    --> crates/prover/src/witness/components/blake_g.rs:1899:15
     |
1899 | pub(crate) fn test_lookup_data_flat(ig: &InteractionClaimGenerator) -> Vec<Vec<PackedM31>> {
     |               ^^^^^^^^^^^^^^^^^^^^^

warning: function `test_lookup_data_flat` is never used
    --> crates/prover/src/witness/components/cube_252.rs:9300:15
     |
9300 | pub(crate) fn test_lookup_data_flat(ig: &InteractionClaimGenerator) -> Vec<Vec<PackedM31>> {
     |               ^^^^^^^^^^^^^^^^^^^^^

warning: function `test_lookup_data_flat` is never used
    --> crates/prover/src/witness/components/mul_opcode.rs:5231:15
     |
5231 | pub(crate) fn test_lookup_data_flat(ig: &InteractionClaimGenerator) -> Vec<Vec<PackedM31>> {
     |               ^^^^^^^^^^^^^^^^^^^^^

warning: function `test_lookup_data_flat` is never used
    --> crates/prover/src/witness/components/mul_opcode_small.rs:1621:15
     |
1621 | pub(crate) fn test_lookup_data_flat(ig: &InteractionClaimGenerator) -> Vec<Vec<PackedM31>> {
     |               ^^^^^^^^^^^^^^^^^^^^^

warning: function `test_lookup_data_flat` is never used
     --> crates/prover/src/witness/components/partial_ec_mul_generic.rs:26221:15
      |
26221 | pub(crate) fn test_lookup_data_flat(ig: &InteractionClaimGenerator) -> Vec<Vec<PackedM31>> {
      |               ^^^^^^^^^^^^^^^^^^^^^

warning: function `test_lookup_data_flat` is never used
     --> crates/prover/src/witness/components/partial_ec_mul_window_bits_18.rs:18145:15
      |
18145 | pub(crate) fn test_lookup_data_flat(ig: &InteractionClaimGenerator) -> Vec<Vec<PackedM31>> {
      |               ^^^^^^^^^^^^^^^^^^^^^

warning: function `test_lookup_data_flat` is never used
   --> crates/prover/src/witness/components/pedersen_builtin.rs:486:15
    |
486 | pub(crate) fn test_lookup_data_flat(ig: &InteractionClaimGenerator) -> Vec<Vec<PackedM31>> {
    |               ^^^^^^^^^^^^^^^^^^^^^

warning: struct `GenericSimdDiff` is never constructed
   --> crates/prover/src/witness/components/pedersen_builtin.rs:513:19
    |
513 | pub(crate) struct GenericSimdDiff {
    |                   ^^^^^^^^^^^^^^^

warning: function `generic_simd_diff` is never used
   --> crates/prover/src/witness/components/pedersen_builtin.rs:529:15
    |
529 | pub(crate) fn generic_simd_diff(
    |               ^^^^^^^^^^^^^^^^^

warning: function `test_lookup_data_flat` is never used
    --> crates/prover/src/witness/components/poseidon_3_partial_rounds_chain.rs:4947:15
     |
4947 | pub(crate) fn test_lookup_data_flat(ig: &InteractionClaimGenerator) -> Vec<Vec<PackedM31>> {
     |               ^^^^^^^^^^^^^^^^^^^^^

warning: function `test_lookup_data_flat` is never used
     --> crates/prover/src/witness/components/poseidon_aggregator.rs:10873:15
      |
10873 | pub(crate) fn test_lookup_data_flat(ig: &InteractionClaimGenerator) -> Vec<Vec<PackedM31>> {
      |               ^^^^^^^^^^^^^^^^^^^^^

warning: function `test_lookup_data_flat` is never used
   --> crates/prover/src/witness/components/poseidon_builtin.rs:646:15
    |
646 | pub(crate) fn test_lookup_data_flat(ig: &InteractionClaimGenerator) -> Vec<Vec<PackedM31>> {
    |               ^^^^^^^^^^^^^^^^^^^^^

warning: function `test_lookup_data_flat` is never used
    --> crates/prover/src/witness/components/poseidon_full_round_chain.rs:3249:15
     |
3249 | pub(crate) fn test_lookup_data_flat(ig: &InteractionClaimGenerator) -> Vec<Vec<PackedM31>> {
     |               ^^^^^^^^^^^^^^^^^^^^^

warning: function `test_lookup_data_flat` is never used
    --> crates/prover/src/witness/components/qm_31_add_mul_opcode.rs:2060:15
     |
2060 | pub(crate) fn test_lookup_data_flat(ig: &InteractionClaimGenerator) -> Vec<Vec<PackedM31>> {
     |               ^^^^^^^^^^^^^^^^^^^^^

warning: function `test_lookup_data_flat` is never used
   --> crates/prover/src/witness/components/range_check_252_width_27.rs:998:15
    |
998 | pub(crate) fn test_lookup_data_flat(ig: &InteractionClaimGenerator) -> Vec<Vec<PackedM31>> {
    |               ^^^^^^^^^^^^^^^^^^^^^

warning: function `test_lookup_data_flat` is never used
   --> crates/prover/src/witness/components/range_check_builtin.rs:573:15
    |
573 | pub(crate) fn test_lookup_data_flat(ig: &InteractionClaimGenerator) -> Vec<Vec<PackedM31>> {
    |               ^^^^^^^^^^^^^^^^^^^^^

warning: struct `GenericSimdDiff` is never constructed
   --> crates/prover/src/witness/components/range_check_builtin.rs:592:19
    |
592 | pub(crate) struct GenericSimdDiff {
    |                   ^^^^^^^^^^^^^^^

warning: function `generic_simd_diff` is never used
   --> crates/prover/src/witness/components/range_check_builtin.rs:608:15
    |
608 | pub(crate) fn generic_simd_diff(
    |               ^^^^^^^^^^^^^^^^^

warning: function `test_lookup_data_flat` is never used
   --> crates/prover/src/witness/components/triple_xor_32.rs:940:15
    |
940 | pub(crate) fn test_lookup_data_flat(ig: &InteractionClaimGenerator) -> Vec<Vec<PackedM31>> {
    |               ^^^^^^^^^^^^^^^^^^^^^

warning: struct `GenericSimdDiff` is never constructed
   --> crates/prover/src/witness/components/triple_xor_32.rs:983:19
    |
983 | pub(crate) struct GenericSimdDiff {
    |                   ^^^^^^^^^^^^^^^

warning: function `generic_simd_diff` is never used
   --> crates/prover/src/witness/components/triple_xor_32.rs:999:15
    |
999 | pub(crate) fn generic_simd_diff(
    |               ^^^^^^^^^^^^^^^^^

warning: function `test_lookup_data_flat` is never used
   --> crates/prover/src/witness/components/verify_instruction.rs:747:15
    |
747 | pub(crate) fn test_lookup_data_flat(ig: &InteractionClaimGenerator) -> Vec<Vec<PackedM31>> {
    |               ^^^^^^^^^^^^^^^^^^^^^

warning: `stwo-cairo-prover` (lib test) generated 61 warnings (34 duplicates)
    Finished `test` profile [unoptimized + debuginfo] target(s) in 1m 22s
     Running unittests src/lib.rs (target/debug/deps/stwo_cairo_prover-876bcbaa7ea0744e)

running 1 test
test witness::witness_eval::differential_test::cube_252_recording_device_matches_host ... pedersen table: registered HOST-BUILT table on device (56 cols x 8388608 rows, borrowed mode)
stwo witness-JIT: registered dynamic program component=cube_252 instrs=3619
jit_prove[cube_252]: program has 3619 instrs > cap 2048, falling back (precompile + raise STWO_CUDA_WITNESS_JIT_MAX_INSTRS to enable)

thread 'witness::witness_eval::differential_test::cube_252_recording_device_matches_host' panicked at crates/prover/src/witness/witness_eval/differential_test.rs:1609:28:
device leg [cube_252]: launch unavailable
note: run with `RUST_BACKTRACE=1` environment variable to display a backtrace
FAILED

failures:

failures:
    witness::witness_eval::differential_test::cube_252_recording_device_matches_host

test result: FAILED. 0 passed; 1 failed; 0 ignored; 0 measured; 147 filtered out; finished in 31.85s

error: test failed, to rerun pass `-p stwo-cairo-prover --lib`
