
$ set -o pipefail; export RUST_MIN_STACK=4194304; export STWO_JIT_MAX_KERNEL_INSTRS=512; export STWO_JIT_CUBIN_CACHE=1; export GB=/workspace/stwo-cairo/stwo_cairo_prover/target/release/gpu_bench; export SN=/workspace/stwo-cairo/gpu_benchmarks/pie/sn; export OUT=/workspace/out; export PROVER=/workspace/stwo-cairo/stwo_cairo_prover; STWO_CUDA_WITNESS_JIT_PROVE=1 STWO_CUDA_WITNESS_JIT_MAX_INSTRS=20000 \
STWO_CUDA_WITNESS_EDGES=1 \
STWO_DUMP_PROOF=$OUT/dag_on.proof $GB --pie $SN/SN_PIE_2.zip --backend cuda \
  --reps 1 --reuse-input 2> $OUT/dag_on.err | tail -4
grep -E 'device count feed merged' $OUT/dag_on.err | head -3
grep -E 'stashed device edge' $OUT/dag_on.err | head -2
grep -E 'jit_prove\[partial_ec_mul_window_bits_18\]: device witness' $OUT/dag_on.err
grep -E 'jit_prove\[partial_ec_mul_generic\]: device witness' $OUT/dag_on.err
grep -E 'jit_prove\[cube_252\]: device witness' $OUT/dag_on.err || true
test -s $OUT/dag_on.proof && echo DAG_PROOF_OK
--8<-- output --8<--
{"adapt_s":1.103,"backend":"cuda","bootloader_overhead_pct":3.51,"cycle_count":7977397,"fold_step":3,"gpu":"NVIDIA H100 NVL","host_mem_gb":1511.351,"mhz":0.107,"n":1,"n_queries":70,"nproc":16,"peak_rss_gb":19.504,"pie_n_steps":7706864,"pool_reserved_high_gb":37.245,"pool_used_high_gb":37.241,"pow_bits":26,"program":"SN_PIE_2.zip","proof_kb":3006.636,"prove_s_cold":74.52,"prove_s_warm":74.52,"security_bits":96,"steps_per_s":107051.0,"useful_mhz":0.103,"verify_ms":17.135,"vm_s":5.15,"vram_end_gb":38.626,"vram_peak_gb":38.626}
jit_prove[blake_round]: device count feed merged 1 relation families
jit_prove[pedersen_aggregator_window_bits_18]: device count feed merged 1 relation families
jit_prove[partial_ec_mul_window_bits_18]: device count feed merged 3 relation families
jit_prove[blake_round]: stashed device edge for blake_g_state
jit_prove[pedersen_aggregator_window_bits_18]: stashed device edge for partial_ec_mul_window_bits_18_state
jit_prove[partial_ec_mul_window_bits_18]: device witness 917504 real rows (log_size 20) in 9197.0 ms
jit_prove[cube_252]: device witness 499712 real rows (log_size 19) in 411.6 ms
DAG_PROOF_OK
