    Updating crates.io index
    Updating git repository `https://github.com/starkware-libs/proving-utils`
 Downloading crates ...
  Downloaded adler2 v2.0.1
  Downloaded ahash v0.8.12
  Downloaded alloy-rlp v0.3.12
  Downloaded anstyle-query v1.1.5
  Downloaded anstyle v1.0.13
  Downloaded anstream v0.6.21
  Downloaded ark-secp256k1 v0.5.0
  Downloaded ark-serialize-derive v0.5.0
  Downloaded ark-ff-macros v0.3.0
  Downloaded ref-cast v1.0.25
  Downloaded assert_matches v1.5.0
  Downloaded ark-serialize v0.3.0
  Downloaded bincode_derive v2.0.1
  Downloaded ark-ff-macros v0.5.0
  Downloaded cairo-lang-debug v2.17.0-rc.4
  Downloaded diffy v0.4.2
  Downloaded bit-set v0.8.0
  Downloaded rend v0.5.3
  Downloaded rlp v0.5.2
  Downloaded const-fnv1a-hash v1.1.0
  Downloaded cfg_aliases v0.2.1
  Downloaded clap_lex v0.7.7
  Downloaded crypto-common v0.2.2
  Downloaded ref-cast-impl v1.0.25
  Downloaded crypto-common v0.1.7
  Downloaded rustc-hex v2.1.0
  Downloaded relative-path v1.9.3
  Downloaded cobs v0.3.0
  Downloaded cairo-lang-project v2.17.0-rc.4
  Downloaded sonic-simd v0.1.2
  Downloaded fastrlp v0.3.1
  Downloaded constant_time_eq v0.4.2
  Downloaded const_format_proc_macros v0.2.34
  Downloaded test-log v0.2.19
  Downloaded genco-macros v0.19.0
  Downloaded itoa v1.0.17
  Downloaded cairo-lang-executable v2.17.0-rc.4
  Downloaded auto_impl v1.3.0
  Downloaded indoc v2.0.7
  Downloaded zeroize_derive v1.4.3
  Downloaded zeroize v1.8.2
  Downloaded hash32 v0.2.1
  Downloaded proc-macro2 v1.0.106
  Downloaded hashlink v0.10.0
  Downloaded primitive-types v0.12.2
  Downloaded foldhash v0.2.0
  Downloaded id-arena v2.3.0
  Downloaded keccak v0.1.5
  Downloaded matchers v0.2.0
  Downloaded munge_macro v0.4.7
  Downloaded matrixmultiply v0.3.10
  Downloaded impl-codec v0.6.0
  Downloaded pretty_assertions v1.4.1
  Downloaded flate2 v1.1.8
  Downloaded rawpointer v0.2.1
  Downloaded digest v0.11.3
  Downloaded hashbrown v0.17.1
  Downloaded hashbrown v0.15.5
  Downloaded itertools v0.14.0
  Downloaded itertools v0.13.0
  Downloaded sonic-rs v0.3.17
  Downloaded winnow v0.7.14
  Downloaded ndarray v0.17.2
  Downloaded libm v0.2.16
  Downloaded zerocopy v0.8.37
  Downloaded syn v2.0.114
  Downloaded salsa v0.26.2
  Downloaded time v0.3.46
  Downloaded regex-syntax v0.8.8
  Downloaded faststr v0.2.34
  Downloaded tracing-subscriber v0.3.22
  Downloaded serde_json v1.0.149
  Downloaded ruint v1.17.2
  Downloaded tracing v0.1.44
  Downloaded lalrpop v0.22.2
  Downloaded rkyv v0.8.14
  Downloaded regex v1.12.2
  Downloaded unicode-segmentation v1.12.0
  Downloaded rust_decimal v1.40.0
  Downloaded sprs v0.11.4
  Downloaded regex-automata v0.4.13
  Downloaded hashbrown v0.16.1
  Downloaded pest v2.8.5
  Downloaded num-prime v0.4.4
  Downloaded yansi v1.0.1
  Downloaded schemars v1.2.0
  Downloaded quote v1.0.44
  Downloaded zip v0.6.6
  Downloaded typenum v1.19.0
  Downloaded sha3 v0.10.8
  Downloaded tracing-core v0.1.36
  Downloaded libc v0.2.180
  Downloaded toml_edit v0.23.10+spec-1.0.0
  Downloaded sonic-number v0.1.0
  Downloaded petgraph v0.7.1
  Downloaded ryu v1.0.22
  Downloaded rand v0.9.2
  Downloaded rancor v0.1.1
  Downloaded radium v0.7.0
  Downloaded impl-trait-for-tuples v0.2.3
  Downloaded virtue v0.0.18
  Downloaded uuid v1.20.0
  Downloaded toml_parser v1.0.6+spec-1.1.0
  Downloaded toml v0.9.11+spec-1.1.0
  Downloaded tinyvec v1.10.0
  Downloaded starknet-types-core v0.2.4
  Downloaded sharded-slab v0.1.7
  Downloaded semver v0.11.0
  Downloaded unicode-ident v1.0.22
  Downloaded ucd-trie v0.1.7
  Downloaded tracing-attributes v0.1.31
  Downloaded term v1.2.1
  Downloaded spin v0.9.8
  Downloaded memchr v2.7.6
  Downloaded semver v1.0.27
  Downloaded salsa-macros v0.26.2
  Downloaded miniz_oxide v0.8.9
  Downloaded minimal-lexical v0.2.1
  Downloaded find-msvc-tools v0.1.9
  Downloaded uint v0.9.5
  Downloaded time-macros v0.2.26
  Downloaded thiserror v2.0.18
  Downloaded thin-vec v0.2.14
  Downloaded string_cache v0.8.9
  Downloaded log v0.4.29
  Downloaded ena v0.14.3
  Downloaded embedded-io v0.4.0
  Downloaded educe v0.6.0
  Downloaded dyn-clone v1.0.20
  Downloaded ptr_meta_derive v0.3.1
  Downloaded heapless v0.7.17
  Downloaded rayon v1.11.0
  Downloaded proptest v1.9.0
  Downloaded portable-atomic v1.13.1
  Downloaded embedded-io v0.6.1
  Downloaded ptr_meta v0.3.1
  Downloaded num-conv v0.2.0
  Downloaded num-complex v0.4.6
  Downloaded new_debug_unreachable v1.0.6
  Downloaded nom v7.1.3
  Downloaded walkdir v2.5.0
  Downloaded tracing-log v0.2.0
  Downloaded toml_writer v1.0.6+spec-1.1.0
  Downloaded toml_datetime v0.7.5+spec-1.1.0
  Downloaded cairo-lang-starknet v2.17.0-rc.4
  Downloaded hybrid-array v0.4.10
  Downloaded good_lp v1.14.2
  Downloaded globset v0.4.18
  Downloaded env_filter v0.1.4
  Downloaded enum-ordinalize-derive v4.3.2
  Downloaded path-clean v1.0.1
  Downloaded parity-scale-codec v3.7.5
  Downloaded num-modular v0.5.1
  Downloaded libbz2-rs-sys v0.1.3
  Downloaded xxhash-rust v0.8.15
  Downloaded xshell v0.2.7
  Downloaded wyz v0.5.1
  Downloaded unescaper v0.1.8
  Downloaded typetag v0.2.21
  Downloaded thread_local v1.1.9
  Downloaded thiserror-impl v2.0.18
  Downloaded synstructure v0.13.2
  Downloaded static_assertions v1.1.0
  Downloaded simdutf8 v0.1.5
  Downloaded simd-adler32 v0.3.8
  Downloaded rustversion v1.0.22
  Downloaded heck v0.5.0
  Downloaded lazy_static v1.5.0
  Downloaded lalrpop-util v0.22.2
  Downloaded munge v0.4.7
  Downloaded memoffset v0.9.1
  Downloaded lru v0.12.5
  Downloaded valuable v0.1.1
  Downloaded starknet-crypto v0.8.1
  Downloaded smol_str v0.3.5
  Downloaded schemars_derive v1.2.0
  Downloaded rustc_version v0.3.3
  Downloaded bzip2-sys v0.1.13+1.0.8
  Downloaded fixedbitset v0.5.7
  Downloaded fixed-hash v0.8.0
  Downloaded erased-serde v0.4.9
  Downloaded env_logger v0.11.8
  Downloaded precomputed-hash v0.1.1
  Downloaded powerfmt v0.2.0
  Downloaded postcard v1.1.3
  Downloaded pico-args v0.5.0
  Downloaded phf_shared v0.11.3
  Downloaded microlp v0.2.11
  Downloaded memmap2 v0.9.9
  Downloaded lambdaworks-math v0.13.0
  Downloaded lambdaworks-crypto v0.13.0
  Downloaded utf8parse v0.2.2
  Downloaded unarray v0.1.4
  Downloaded typetag-impl v0.2.21
  Downloaded typeid v1.0.3
  Downloaded rustc-hash v2.1.1
  Downloaded rkyv_derive v0.8.14
  Downloaded cairo-vm v3.2.0
  Downloaded cairo-lang-semantic v2.17.0-rc.4
  Downloaded bstr v1.12.1
  Downloaded is_terminal_polyfill v1.70.2
  Downloaded inventory v0.3.24
  Downloaded intrusive-collections v0.9.7
  Downloaded indent v0.1.1
  Downloaded indexmap v2.13.0
  Downloaded funty v2.0.0
  Downloaded vector-map v1.0.2
  Downloaded serde_derive_internals v0.29.1
  Downloaded semver-parser v0.10.3
  Downloaded salsa-macro-rules v0.26.2
  Downloaded cairo-lang-lowering v2.17.0-rc.4
  Downloaded blake3 v1.8.3
  Downloaded bitvec v1.0.1
  Downloaded clap_builder v4.5.56
  Downloaded cairo-lang-syntax v2.17.0-rc.4
  Downloaded cairo-lang-sierra v2.17.0-rc.4
  Downloaded cairo-lang-parser v2.17.0-rc.4
  Downloaded aho-corasick v1.1.4
  Downloaded unicode-xid v0.2.6
  Downloaded tinyvec_macros v0.1.1
  Downloaded time-core v0.1.8
  Downloaded test-log-macros v0.2.19
  Downloaded tap v1.0.1
  Downloaded strsim v0.11.1
  Downloaded cc v1.2.55
  Downloaded cairo-lang-sierra-to-casm v2.17.0-rc.4
  Downloaded cairo-lang-sierra-generator v2.17.0-rc.4
  Downloaded bumpalo v3.19.1
  Downloaded proc-macro-crate v3.4.0
  Downloaded pkg-config v0.3.32
  Downloaded parking_lot v0.12.5
  Downloaded parity-scale-codec-derive v3.7.5
  Downloaded nu-ansi-term v0.50.3
  Downloaded ignore v0.4.25
  Downloaded getrandom v0.3.4
  Downloaded getrandom v0.2.17
  Downloaded genco v0.19.0
  Downloaded rayon-core v1.13.0
  Downloaded diff v0.1.13
  Downloaded const_format v0.2.35
  Downloaded cairo-lang-runner v2.17.0-rc.4
  Downloaded cairo-lang-defs v2.17.0-rc.4
  Downloaded cairo-lang-casm v2.17.0-rc.4
  Downloaded bytes v1.11.0
  Downloaded bytemuck v1.25.0
  Downloaded borsh v1.6.0
  Downloaded bincode v2.0.1
  Downloaded ark-poly v0.5.0
  Downloaded ark-ff v0.5.0
  Downloaded anyhow v1.0.100
  Downloaded xshell-macros v0.2.7
  Downloaded unty v0.0.4
  Downloaded starknet-curve v0.6.0
  Downloaded stable_deref_trait v1.2.1
  Downloaded siphasher v1.0.2
  Downloaded serde_arrays v0.1.0
  Downloaded colored v3.1.1
  Downloaded clap v4.5.56
  Downloaded cairo-lang-utils v2.17.0-rc.4
  Downloaded cairo-lang-plugins v2.17.0-rc.4
  Downloaded cairo-lang-executable-plugin v2.17.0-rc.4
  Downloaded same-file v1.0.6
  Downloaded ruint-macro v1.2.1
  Downloaded rand_core v0.9.5
  Downloaded crc32fast v1.5.0
  Downloaded clap_derive v4.5.55
  Downloaded cairo-lang-starknet-classes v2.17.0-rc.4
  Downloaded cairo-lang-sierra-gas v2.17.0-rc.4
  Downloaded cairo-lang-formatter v2.17.0-rc.4
  Downloaded cairo-lang-compiler v2.17.0-rc.4
  Downloaded bzip2 v0.5.2
  Downloaded bitflags v2.10.0
  Downloaded fastrlp v0.4.0
  Downloaded zmij v1.0.18
  Downloaded rand_chacha v0.9.0
  Downloaded serde_spanned v1.0.4
  Downloaded ark-ec v0.5.0
  Downloaded deranged v0.5.5
  Downloaded convert_case v0.11.0
  Downloaded bincode v1.3.3
  Downloaded cairo-lang-test-utils v2.17.0-rc.4
  Downloaded cairo-lang-filesystem v2.17.0-rc.4
  Downloaded cairo-lang-diagnostics v2.17.0-rc.4
  Downloaded byteorder v1.5.0
  Downloaded bit-vec v0.8.0
  Downloaded cairo-lang-syntax-codegen v2.17.0-rc.4
  Downloaded cairo-lang-sierra-type-size v2.17.0-rc.4
  Downloaded cairo-lang-sierra-ap-change v2.17.0-rc.4
  Downloaded cairo-lang-runnable-utils v2.17.0-rc.4
  Downloaded bytemuck_derive v1.10.2
  Downloaded boxcar v0.2.14
  Downloaded enum-ordinalize v4.3.2
  Downloaded digest v0.9.0
  Downloaded rand_xorshift v0.4.0
  Downloaded ark-ff v0.3.0
  Downloaded ark-std v0.5.0
  Downloaded ark-std v0.3.0
  Downloaded ark-ff-asm v0.5.0
  Downloaded anstyle-parse v0.2.7
  Downloaded byte-slice-cast v1.2.3
  Downloaded crunchy v0.2.4
  Downloaded colorchoice v1.0.4
  Downloaded crossbeam-queue v0.3.12
  Downloaded cairo-lang-eq-solver v2.17.0-rc.4
  Downloaded cfg-if v1.0.4
  Downloaded cairo-lang-proc-macros v2.17.0-rc.4
  Downloaded cairo-lang-primitive-token v1.0.0
  Downloaded ark-secp256r1 v0.5.0
  Downloaded ascii-canvas v4.0.0
  Downloaded ark-serialize v0.5.0
  Downloaded ark-ff-asm v0.3.0
   Compiling stwo-backend-cuda-kernels v0.1.0 (/workspace/stwo/crates/backend-cuda-kernels)
   Compiling stwo-cairo-gpu-prover v1.2.2 (/workspace/stwo-cairo/stwo_cairo_prover/crates/gpu-prover)
   Compiling stwo-backend-cuda v2.2.0 (/workspace/stwo/crates/backend-cuda)
   Compiling stwo-cairo-prover v1.2.2 (/workspace/stwo-cairo/stwo_cairo_prover/crates/prover)
warning: unused variable: `raw_u32`
    --> crates/prover/src/witness/components/blake_round.rs:6986:9
     |
6986 |     let raw_u32 = |word: usize, vi: usize| PackedUInt32 {
     |         ^^^^^^^ help: if this is intentional, prefix it with an underscore: `_raw_u32`
     |
     = note: `#[warn(unused_variables)]` on by default
